[    0.000000] Linux version 4.15.0-204-generic (buildd@lcy02-amd64-030) (gcc version 7.5.0 (Ubuntu 7.5.0-3ubuntu1~18.04)) #215-Ubuntu SMP Fri Jan 20 18:24:59 UTC 2023 (Ubuntu 4.15.0-204.215-generic 4.15.18)
[    0.000000] Command line: BOOT_IMAGE=/boot/vmlinuz-4.15.0-204-generic root=LABEL=cloudimg-rootfs ro console=tty1 console=ttyS0
[    0.000000] KERNEL supported cpus:
[    0.000000]   Intel GenuineIntel
[    0.000000]   AMD AuthenticAMD
[    0.000000]   Centaur CentaurHauls
[    0.000000] x86/fpu: x87 FPU will use FXSAVE
[    0.000000] e820: BIOS-provided physical RAM map:
[    0.000000] BIOS-e820: [mem 0x0000000000000000-0x000000000009fbff] usable
[    0.000000] BIOS-e820: [mem 0x000000000009fc00-0x000000000009ffff] reserved
[    0.000000] BIOS-e820: [mem 0x00000000000f0000-0x00000000000fffff] reserved
[    0.000000] BIOS-e820: [mem 0x0000000000100000-0x000000007ffeffff] usable
[    0.000000] BIOS-e820: [mem 0x000000007fff0000-0x000000007fffffff] ACPI data
[    0.000000] BIOS-e820: [mem 0x00000000fec00000-0x00000000fec00fff] reserved
[    0.000000] BIOS-e820: [mem 0x00000000fee00000-0x00000000fee00fff] reserved
[    0.000000] BIOS-e820: [mem 0x00000000fffc0000-0x00000000ffffffff] reserved
[    0.000000] NX (Execute Disable) protection: active
[    0.000000] SMBIOS 2.5 present.
[    0.000000] DMI: innotek GmbH VirtualBox/VirtualBox, BIOS VirtualBox 12/01/2006
[    0.000000] Hypervisor detected: KVM
[    0.000000] e820: last_pfn = 0x7fff0 max_arch_pfn = 0x400000000
[    0.000000] MTRR: Disabled
[    0.000000] x86/PAT: MTRRs disabled, skipping PAT initialization too.
[    0.000000] CPU MTRRs all blank - virtualized system.
[    0.000000] x86/PAT: Configuration [0-7]: WB  WT  UC- UC  WB  WT  UC- UC  
[    0.000000] found SMP MP-table at [mem 0x0009fff0-0x0009ffff]
[    0.000000] Scanning 1 areas for low memory corruption
[    0.000000] RAMDISK: [mem 0x359c9000-0x36cdbfff]
[    0.000000] ACPI: Early table checksum verification disabled
[    0.000000] ACPI: RSDP 0x00000000000E0000 000024 (v02 VBOX  )
[    0.000000] ACPI: XSDT 0x000000007FFF0030 00003C (v01 VBOX   VBOXXSDT 00000001 ASL  00000061)
[    0.000000] ACPI: FACP 0x000000007FFF00F0 0000F4 (v04 VBOX   VBOXFACP 00000001 ASL  00000061)
[    0.000000] ACPI: DSDT 0x000000007FFF0610 002353 (v02 VBOX   VBOXBIOS 00000002 INTL 20100528)
[    0.000000] ACPI: FACS 0x000000007FFF0200 000040
[    0.000000] ACPI: FACS 0x000000007FFF0200 000040
[    0.000000] ACPI: APIC 0x000000007FFF0240 00005C (v02 VBOX   VBOXAPIC 00000001 ASL  00000061)
[    0.000000] ACPI: SSDT 0x000000007FFF02A0 00036C (v01 VBOX   VBOXCPUT 00000002 INTL 20100528)
[    0.000000] ACPI: Reserving FACP table memory at [mem 0x7fff00f0-0x7fff01e3]
[    0.000000] ACPI: Reserving DSDT table memory at [mem 0x7fff0610-0x7fff2962]
[    0.000000] ACPI: Reserving FACS table memory at [mem 0x7fff0200-0x7fff023f]
[    0.000000] ACPI: Reserving FACS table memory at [mem 0x7fff0200-0x7fff023f]
[    0.000000] ACPI: Reserving APIC table memory at [mem 0x7fff0240-0x7fff029b]
[    0.000000] ACPI: Reserving SSDT table memory at [mem 0x7fff02a0-0x7fff060b]
[    0.000000] No NUMA configuration found
[    0.000000] Faking a node at [mem 0x0000000000000000-0x000000007ffeffff]
[    0.000000] NODE_DATA(0) allocated [mem 0x7ffc5000-0x7ffeffff]
[    0.000000] kvm-clock: cpu 0, msr 0:7ff44001, primary cpu clock
[    0.000000] kvm-clock: Using msrs 4b564d01 and 4b564d00
[    0.000000] kvm-clock: using sched offset of 4821685306 cycles
[    0.000000] clocksource: kvm-clock: mask: 0xffffffffffffffff max_cycles: 0x1cd42e4dffb, max_idle_ns: 881590591483 ns
[    0.000000] Zone ranges:
[    0.000000]   DMA      [mem 0x0000000000001000-0x0000000000ffffff]
[    0.000000]   DMA32    [mem 0x0000000001000000-0x000000007ffeffff]
[    0.000000]   Normal   empty
[    0.000000]   Device   empty
[    0.000000] Movable zone start for each node
[    0.000000] Early memory node ranges
[    0.000000]   node   0: [mem 0x0000000000001000-0x000000000009efff]
[    0.000000]   node   0: [mem 0x0000000000100000-0x000000007ffeffff]
[    0.000000] Reserved but unavailable: 104 pages
[    0.000000] Initmem setup node 0 [mem 0x0000000000001000-0x000000007ffeffff]
[    0.000000] ACPI: PM-Timer IO Port: 0x4008
[    0.000000] IOAPIC[0]: apic_id 2, version 32, address 0xfec00000, GSI 0-23
[    0.000000] ACPI: INT_SRC_OVR (bus 0 bus_irq 0 global_irq 2 dfl dfl)
[    0.000000] ACPI: INT_SRC_OVR (bus 0 bus_irq 9 global_irq 9 low level)
[    0.000000] Using ACPI (MADT) for SMP configuration information
[    0.000000] smpboot: Allowing 2 CPUs, 0 hotplug CPUs
[    0.000000] PM: Registered nosave memory: [mem 0x00000000-0x00000fff]
[    0.000000] PM: Registered nosave memory: [mem 0x0009f000-0x0009ffff]
[    0.000000] PM: Registered nosave memory: [mem 0x000a0000-0x000effff]
[    0.000000] PM: Registered nosave memory: [mem 0x000f0000-0x000fffff]
[    0.000000] e820: [mem 0x80000000-0xfebfffff] available for PCI devices
[    0.000000] Booting paravirtualized kernel on KVM
[    0.000000] clocksource: refined-jiffies: mask: 0xffffffff max_cycles: 0xffffffff, max_idle_ns: 7645519600211568 ns
[    0.000000] setup_percpu: NR_CPUS:8192 nr_cpumask_bits:2 nr_cpu_ids:2 nr_node_ids:1
[    0.000000] percpu: Embedded 50 pages/cpu s167936 r8192 d28672 u1048576
[    0.000000] PV qspinlock hash table entries: 256 (order: 0, 4096 bytes)
[    0.000000] Built 1 zonelists, mobility grouping on.  Total pages: 515961
[    0.000000] Policy zone: DMA32
[    0.000000] Kernel command line: BOOT_IMAGE=/boot/vmlinuz-4.15.0-204-generic root=LABEL=cloudimg-rootfs ro console=tty1 console=ttyS0
[    0.000000] Memory: 2014832K/2096696K available (12300K kernel code, 2477K rwdata, 4324K rodata, 2480K init, 2720K bss, 81864K reserved, 0K cma-reserved)
[    0.000000] SLUB: HWalign=64, Order=0-3, MinObjects=0, CPUs=2, Nodes=1
[    0.000000] ftrace: allocating 39488 entries in 155 pages
[    0.004000] Hierarchical RCU implementation.
[    0.004000] 	RCU restricting CPUs from NR_CPUS=8192 to nr_cpu_ids=2.
[    0.004000] 	Tasks RCU enabled.
[    0.004000] RCU: Adjusting geometry for rcu_fanout_leaf=16, nr_cpu_ids=2
[    0.004000] NR_IRQS: 524544, nr_irqs: 440, preallocated irqs: 16
[    0.004000] random: crng init done
[    0.004000] Console: colour VGA+ 80x25
[    0.004000] console [tty1] enabled
[    0.004000] console [ttyS0] enabled
[    0.004000] ACPI: Core revision 20170831
[    0.004000] ACPI: 2 ACPI AML tables successfully acquired and loaded
[    0.004000] APIC: Switch to symmetric I/O mode setup
[    0.008000] ..TIMER: vector=0x30 apic1=0 pin1=2 apic2=-1 pin2=-1
[    0.008011] tsc: Detected 2803.198 MHz processor
[    0.012022] Calibrating delay loop (skipped) preset value.. 5606.39 BogoMIPS (lpj=11212792)
[    0.016011] pid_max: default: 32768 minimum: 301
[    0.020152] Security Framework initialized
[    0.024009] Yama: becoming mindful.
[    0.028162] AppArmor: AppArmor initialized
[    0.048346] Dentry cache hash table entries: 262144 (order: 9, 2097152 bytes)
[    0.060304] Inode-cache hash table entries: 131072 (order: 8, 1048576 bytes)
[    0.064341] Mount-cache hash table entries: 4096 (order: 3, 32768 bytes)
[    0.068206] Mountpoint-cache hash table entries: 4096 (order: 3, 32768 bytes)
[    0.078227] Last level iTLB entries: 4KB 0, 2MB 0, 4MB 0
[    0.080011] Last level dTLB entries: 4KB 0, 2MB 0, 4MB 0, 1GB 0
[    0.084013] Spectre V1 : Mitigation: usercopy/swapgs barriers and __user pointer sanitization
[    0.088016] Spectre V2 : Mitigation: Enhanced IBRS
[    0.092004] Spectre V2 : Spectre v2 / SpectreRSB mitigation: Filling RSB on context switch
[    0.096009] Spectre V2 : Spectre v2 / PBRSB-eIBRS: Retire a single CALL on VMEXIT
[    0.100006] RETBleed: Mitigation: Enhanced IBRS
[    0.104008] Speculative Store Bypass: Vulnerable
[    0.108325] Freeing SMP alternatives memory: 36K
[    0.230534] smpboot: CPU0: 11th Gen Intel(R) Core(TM) i7-1165G7 @ 2.80GHz (family: 0x6, model: 0x8c, stepping: 0x1)
[    0.232726] Performance Events: unsupported p6 CPU model 140 no PMU driver, software events only.
[    0.236202] Hierarchical SRCU implementation.
[    0.241694] NMI watchdog: Perf event create on CPU 0 failed with -2
[    0.244005] NMI watchdog: Perf NMI watchdog permanently disabled
[    0.248704] smp: Bringing up secondary CPUs ...
[    0.253594] x86: Booting SMP configuration:
[    0.256009] .... node  #0, CPUs:      #1
[    0.004000] kvm-clock: cpu 1, msr 0:7ff44041, secondary cpu clock
[    0.282322] TSC synchronization [CPU#0 -> CPU#1]:
[    0.284000] Measured 116943 cycles TSC warp between CPUs, turning off TSC clock.
[    0.284000] tsc: Marking TSC unstable due to check_tsc_sync_source failed
[    0.292439] smp: Brought up 1 node, 2 CPUs
[    0.296013] smpboot: Max logical packages: 1
[    0.300012] smpboot: Total of 2 processors activated (11212.79 BogoMIPS)
[    0.309098] devtmpfs: initialized
[    0.312194] x86/mm: Memory block size: 128MB
[    0.316962] evm: security.selinux
[    0.320012] evm: security.SMACK64
[    0.324009] evm: security.SMACK64EXEC
[    0.328006] evm: security.SMACK64TRANSMUTE
[    0.332005] evm: security.SMACK64MMAP
[    0.336009] evm: security.apparmor
[    0.340006] evm: security.ima
[    0.344002] evm: security.capability
[    0.352638] clocksource: jiffies: mask: 0xffffffff max_cycles: 0xffffffff, max_idle_ns: 7645041785100000 ns
[    0.360044] futex hash table entries: 512 (order: 3, 32768 bytes)
[    0.364327] pinctrl core: initialized pinctrl subsystem
[    0.368973] RTC time: 10:22:18, date: 03/03/23
[    0.373627] NET: Registered protocol family 16
[    0.376443] audit: initializing netlink subsys (disabled)
[    0.380347] audit: type=2000 audit(1677838943.450:1): state=initialized audit_enabled=0 res=1
[    0.408176] cpuidle: using governor ladder
[    0.412026] cpuidle: using governor menu
[    0.416086] ACPI: bus type PCI registered
[    0.420013] acpiphp: ACPI Hot Plug PCI Controller Driver version: 0.5
[    0.428394] PCI: Using configuration type 1 for base access
[    0.444348] HugeTLB registered 2.00 MiB page size, pre-allocated 0 pages
[    0.460673] ACPI: Added _OSI(Module Device)
[    0.472008] ACPI: Added _OSI(Processor Device)
[    0.480009] ACPI: Added _OSI(3.0 _SCP Extensions)
[    0.492010] ACPI: Added _OSI(Processor Aggregator Device)
[    0.504013] ACPI: Added _OSI(Linux-Dell-Video)
[    0.512010] ACPI: Added _OSI(Linux-Lenovo-NV-HDMI-Audio)
[    0.524014] ACPI: Added _OSI(Linux-HPI-Hybrid-Graphics)
[    0.537595] ACPI: Executed 1 blocks of module-level executable AML code
[    0.563793] ACPI: Interpreter enabled
[    0.572043] ACPI: (supports S0 S5)
[    0.580010] ACPI: Using IOAPIC for interrupt routing
[    0.592437] PCI: Using host bridge windows from ACPI; if necessary, use "pci=nocrs" and report a bug
[    0.608549] ACPI: Enabled 2 GPEs in block 00 to 07
[    0.642351] ACPI: PCI Root Bridge [PCI0] (domain 0000 [bus 00-ff])
[    0.652023] acpi PNP0A03:00: _OSC: OS supports [ASPM ClockPM Segments MSI]
[    0.669165] acpi PNP0A03:00: _OSC: not requesting OS control; OS requires [ExtendedConfig ASPM ClockPM MSI]
[    0.684040] acpi PNP0A03:00: fail to add MMCONFIG information, can't access extended PCI configuration space under this bridge.
[    0.705517] PCI host bridge to bus 0000:00
[    0.716014] pci_bus 0000:00: root bus resource [io  0x0000-0x0cf7 window]
[    0.732015] pci_bus 0000:00: root bus resource [io  0x0d00-0xffff window]
[    0.748034] pci_bus 0000:00: root bus resource [mem 0x000a0000-0x000bffff window]
[    0.764037] pci_bus 0000:00: root bus resource [mem 0x80000000-0xfdffffff window]
[    0.780015] pci_bus 0000:00: root bus resource [bus 00-ff]
[    0.804760] pci 0000:00:01.1: legacy IDE quirk: reg 0x10: [io  0x01f0-0x01f7]
[    0.816009] pci 0000:00:01.1: legacy IDE quirk: reg 0x14: [io  0x03f6]
[    0.832012] pci 0000:00:01.1: legacy IDE quirk: reg 0x18: [io  0x0170-0x0177]
[    0.848012] pci 0000:00:01.1: legacy IDE quirk: reg 0x1c: [io  0x0376]
[    0.899764] pci 0000:00:07.0: quirk: [io  0x4000-0x403f] claimed by PIIX4 ACPI
[    0.916089] pci 0000:00:07.0: quirk: [io  0x4100-0x410f] claimed by PIIX4 SMB
[    0.946659] ACPI: PCI Interrupt Link [LNKA] (IRQs 5 9 10 *11)
[    0.960430] ACPI: PCI Interrupt Link [LNKB] (IRQs 5 9 *10 11)
[    0.972476] ACPI: PCI Interrupt Link [LNKC] (IRQs 5 *9 10 11)
[    0.984441] ACPI: PCI Interrupt Link [LNKD] (IRQs 5 9 10 *11)
[    0.997280] SCSI subsystem initialized
[    1.008448] pci 0000:00:02.0: vgaarb: setting as boot VGA device
[    1.012000] pci 0000:00:02.0: vgaarb: VGA device added: decodes=io+mem,owns=io+mem,locks=none
[    1.036022] pci 0000:00:02.0: vgaarb: bridge control possible
[    1.048009] vgaarb: loaded
[    1.052098] ACPI: bus type USB registered
[    1.064176] usbcore: registered new interface driver usbfs
[    1.076046] usbcore: registered new interface driver hub
[    1.088035] usbcore: registered new device driver usb
[    1.100154] EDAC MC: Ver: 3.0.0
[    1.112422] PCI: Using ACPI for IRQ routing
[    1.124862] NetLabel: Initializing
[    1.132006] NetLabel:  domain hash size = 128
[    1.144008] NetLabel:  protocols = UNLABELED CIPSOv4 CALIPSO
[    1.156275] NetLabel:  unlabeled traffic allowed by default
[    1.172590] clocksource: Switched to clocksource kvm-clock
[    1.268027] VFS: Disk quotas dquot_6.6.0
[    1.277725] VFS: Dquot-cache hash table entries: 512 (order 0, 4096 bytes)
[    1.294036] AppArmor: AppArmor Filesystem Enabled
[    1.307159] pnp: PnP ACPI init
[    1.317540] pnp: PnP ACPI: found 3 devices
[    1.336059] clocksource: acpi_pm: mask: 0xffffff max_cycles: 0xffffff, max_idle_ns: 2085701024 ns
[    1.354710] NET: Registered protocol family 2
[    1.364158] IP idents hash table entries: 32768 (order: 6, 262144 bytes)
[    1.375970] TCP established hash table entries: 16384 (order: 5, 131072 bytes)
[    1.387872] TCP bind hash table entries: 16384 (order: 6, 262144 bytes)
[    1.400332] TCP: Hash tables configured (established 16384 bind 16384)
[    1.411061] UDP hash table entries: 1024 (order: 3, 32768 bytes)
[    1.421384] UDP-Lite hash table entries: 1024 (order: 3, 32768 bytes)
[    1.430190] NET: Registered protocol family 1
[    1.437880] pci 0000:00:00.0: Limiting direct PCI/PCI transfers
[    1.448345] pci 0000:00:01.0: Activating ISA DMA hang workarounds
[    1.460790] pci 0000:00:02.0: Video device with shadowed ROM at [mem 0x000c0000-0x000dffff]
[    1.477572] Unpacking initramfs...
[    2.404286] Freeing initrd memory: 19532K
[    2.412506] clocksource: tsc: mask: 0xffffffffffffffff max_cycles: 0x28680e0a5c3, max_idle_ns: 440795346756 ns
[    2.428334] platform rtc_cmos: registered platform RTC device (no PNP device found)
[    2.440098] Scanning for low memory corruption every 60 seconds
[    2.454030] Initialise system trusted keyrings
[    2.461944] Key type blacklist registered
[    2.468687] workingset: timestamp_bits=36 max_order=19 bucket_order=0
[    2.482073] zbud: loaded
[    2.487974] squashfs: version 4.0 (2009/01/31) Phillip Lougher
[    2.498636] fuse init (API version 7.26)
[    2.567063] Key type asymmetric registered
[    2.575651] Asymmetric key parser 'x509' registered
[    2.585733] Block layer SCSI generic (bsg) driver version 0.4 loaded (major 246)
[    2.602811] io scheduler noop registered
[    2.611318] io scheduler deadline registered
[    2.619297] io scheduler cfq registered (default)
[    2.631373] ACPI: AC Adapter [AC] (off-line)
[    2.643939] input: Power Button as /devices/LNXSYSTM:00/LNXPWRBN:00/input/input0
[    2.660953] ACPI: Power Button [PWRF]
[    2.669540] input: Sleep Button as /devices/LNXSYSTM:00/LNXSLPBN:00/input/input1
[    2.683142] ACPI: Sleep Button [SLPF]
[    2.695773] ACPI: Battery Slot [BAT0] (battery present)
[    2.709010] Serial: 8250/16550 driver, 32 ports, IRQ sharing enabled
[    2.753384] 00:02: ttyS0 at I/O 0x3f8 (irq = 4, base_baud = 115200) is a 16550A
[    2.804409] Linux agpgart interface v0.103
[    2.821999] loop: module loaded
[    2.832870] scsi host0: ata_piix
[    2.840935] scsi host1: ata_piix
[    2.846022] ata1: PATA max UDMA/33 cmd 0x1f0 ctl 0x3f6 bmdma 0xd000 irq 14
[    2.849938] ata2: PATA max UDMA/33 cmd 0x170 ctl 0x376 bmdma 0xd008 irq 15
[    2.867822] tun: Universal TUN/TAP device driver, 1.6
[    2.878218] PPP generic driver version 2.4.2
[    2.886519] ehci_hcd: USB 2.0 'Enhanced' Host Controller (EHCI) Driver
[    2.897047] ehci-pci: EHCI PCI platform driver
[    2.906424] ehci-platform: EHCI generic platform driver
[    2.916650] ohci_hcd: USB 1.1 'Open' Host Controller (OHCI) Driver
[    2.927372] ohci-pci: OHCI PCI platform driver
[    2.937869] ohci-platform: OHCI generic platform driver
[    2.948926] uhci_hcd: USB Universal Host Controller Interface driver
[    2.958173] i8042: PNP: PS/2 Controller [PNP0303:PS2K,PNP0f03:PS2M] at 0x60,0x64 irq 1,12
[    2.976026] serio: i8042 KBD port at 0x60,0x64 irq 1
[    2.984913] serio: i8042 AUX port at 0x60,0x64 irq 12
[    2.996868] mousedev: PS/2 mouse device common for all mice
[    3.011707] rtc_cmos rtc_cmos: rtc core: registered rtc_cmos as rtc0
[    3.025005] rtc_cmos rtc_cmos: alarms up to one day, 114 bytes nvram
[    3.036436] i2c /dev entries driver
[    3.041254] device-mapper: uevent: version 1.0.3
[    3.047696] device-mapper: ioctl: 4.37.0-ioctl (2017-09-20) initialised: dm-devel@redhat.com
[    3.070611] input: AT Translated Set 2 keyboard as /devices/platform/i8042/serio0/input/input2
[    3.084072] ledtrig-cpu: registered to indicate activity on CPUs
[    3.096419] NET: Registered protocol family 10
[    3.111655] Segment Routing with IPv6
[    3.118607] NET: Registered protocol family 17
[    3.126948] Key type dns_resolver registered
[    3.135385] mce: Using 0 MCE banks
[    3.142261] RAS: Correctable Errors collector initialized.
[    3.152828] sched_clock: Marking stable (3152690074, 0)->(4613884540, -1461194466)
[    3.173438] registered taskstats version 1
[    3.180478] Loading compiled-in X.509 certificates
[    3.196691] Loaded X.509 cert 'Build time autogenerated kernel key: 449f52b446813ee48ad446aa51a5377584e80c28'
[    3.212159] Loaded X.509 cert 'Canonical Ltd. Live Patch Signing: 14df34d1a87cf37625abec039ef2bf521249b969'
[    3.228187] Loaded X.509 cert 'Canonical Ltd. Kernel Module Signing: 88f752e560a1e0737e31163a466ad7b70a850c19'
[    3.241675] blacklist: Loading compiled-in revocation X.509 certificates
[    3.249249] Loaded X.509 cert 'Canonical Ltd. Secure Boot Signing: 61482aa2830d0ab2ad5af10b7250da9033ddcef0'
[    3.266973] Loaded X.509 cert 'Canonical Ltd. Secure Boot Signing (2017): 242ade75ac4a15e50d50c84b0d45ff3eae707a03'
[    3.283665] Loaded X.509 cert 'Canonical Ltd. Secure Boot Signing (ESM 2018): 365188c1d374d6b07c3c8f240f8ef722433d6a8b'
[    3.302466] Loaded X.509 cert 'Canonical Ltd. Secure Boot Signing (2019): c0746fd6c5da3ae827864651ad66ae47fe24b3e8'
[    3.320073] Loaded X.509 cert 'Canonical Ltd. Secure Boot Signing (2021 v1): a8d54bbb3825cfb94fa13c9f8a594a195c107b8d'
[    3.337674] Loaded X.509 cert 'Canonical Ltd. Secure Boot Signing (2021 v2): 4cf046892d6fd3c9a5b03f98d845f90851dc6a8c'
[    3.354478] Loaded X.509 cert 'Canonical Ltd. Secure Boot Signing (2021 v3): 100437bb6de6e469b581e61cd66bce3ef4ed53af'
[    3.373013] Loaded X.509 cert 'Canonical Ltd. Secure Boot Signing (Ubuntu Core 2019): c1d57b8f6b743f23ee41f4f7ee292f06eecadfb9'
[    3.392547] zswap: loaded using pool lzo/zbud
[    3.421349] Key type big_key registered
[    3.429135] Key type trusted registered
[    3.446787] Key type encrypted registered
[    3.453316] AppArmor: AppArmor sha1 policy hashing enabled
[    3.459437] ima: No TPM chip found, activating TPM-bypass! (rc=-19)
[    3.471283] ima: Allocated hash algorithm: sha1
[    3.480508] evm: HMAC attrs: 0x1
[    3.489972]   Magic number: 15:88:375
[    3.499180] rtc_cmos rtc_cmos: setting system clock to 2023-03-03 10:22:21 UTC (1677838941)
[    3.514446] BIOS EDD facility v0.16 2004-Jun-25, 0 devices found
[    3.525361] EDD information not available.
[    3.538348] Freeing unused kernel image memory: 2480K
[    3.572345] Write protecting the kernel read-only data: 20480k
[    3.580113] Freeing unused kernel image memory: 2008K
[    3.587079] Freeing unused kernel image memory: 1820K
[    3.600795] x86/mm: Checked W+X mappings: passed, no W+X pages found.
Loading, please wait...
starting version 237
[    3.790524] e1000: Intel(R) PRO/1000 Network Driver - version 7.3.21-k8-NAPI
[    3.804265] e1000: Copyright (c) 1999-2006 Intel Corporation.
[    3.840996] Fusion MPT base driver 3.04.20
[    3.850166] Copyright (c) 1999-2008 LSI Corporation
[    3.909623] SSE version of gcm_enc/dec engaged.
[    3.950879] Fusion MPT SPI Host driver 3.04.20
[    4.053749] input: ImExPS/2 Generic Explorer Mouse as /devices/platform/i8042/serio1/input/input4
[    4.884701] e1000 0000:00:03.0 eth0: (PCI:33MHz:32-bit) 02:69:82:ba:7f:56
[    4.899227] e1000 0000:00:03.0 eth0: Intel(R) PRO/1000 Network Connection
[    4.919861] e1000 0000:00:03.0 enp0s3: renamed from eth0
[    4.931256] mptbase: ioc0: Initiating bringup
[    7.003842] ioc0: LSI53C1030 A0: Capabilities={Initiator}
[    7.920640] scsi host2: ioc0: LSI53C1030 A0, FwRev=00000000h, Ports=1, MaxQ=256, IRQ=20
[    8.588872] scsi 2:0:0:0: Direct-Access     VBOX     HARDDISK         1.0  PQ: 0 ANSI: 5
[    8.636674] scsi target2:0:0: Beginning Domain Validation
[    8.667819] scsi target2:0:0: Domain Validation skipping write tests
[    8.682918] scsi target2:0:0: Ending Domain Validation
[    8.695716] scsi target2:0:0: asynchronous
[    8.713969] scsi 2:0:1:0: Direct-Access     VBOX     HARDDISK         1.0  PQ: 0 ANSI: 5
[    8.760758] scsi target2:0:1: Beginning Domain Validation
[    8.787452] scsi target2:0:1: Domain Validation skipping write tests
[    8.799597] scsi target2:0:1: Ending Domain Validation
[    8.810572] scsi target2:0:1: asynchronous
[    8.843360] sd 2:0:0:0: Attached scsi generic sg0 type 0
[    8.845268] sd 2:0:0:0: [sda] 83886080 512-byte logical blocks: (42.9 GB/40.0 GiB)
[    8.869547] sd 2:0:1:0: Attached scsi generic sg1 type 0
[    8.870009] sd 2:0:0:0: [sda] Write Protect is off
[    8.888064] sd 2:0:1:0: [sdb] 20480 512-byte logical blocks: (10.5 MB/10.0 MiB)
[    8.888792] sd 2:0:0:0: [sda] Incomplete mode parameter data
[    8.916638] sd 2:0:0:0: [sda] Assuming drive cache: write through
[    8.916711] sd 2:0:1:0: [sdb] Write Protect is off
[    8.941266] sd 2:0:1:0: [sdb] Incomplete mode parameter data
[    8.946875]  sda: sda1
[    8.952974] sd 2:0:1:0: [sdb] Assuming drive cache: write through
[    8.975964] sd 2:0:0:0: [sda] Attached SCSI disk
[    8.989905] sd 2:0:1:0: [sdb] Attached SCSI disk
Begin: Loading essential drivers ... [   13.717056] raid6: sse2x1   gen() 138737 MB/s
[   15.719547] raid6: sse2x1   xor() 88974 MB/s
[   17.714791] raid6: sse2x2   gen() 179884 MB/s
[   17.768584] raid6: sse2x2   xor()  5367 MB/s
[   17.824355] raid6: sse2x4   gen()  7370 MB/s
[   17.888404] raid6: sse2x4   xor()  4049 MB/s
[   17.897634] raid6: using algorithm sse2x2 gen() 179884 MB/s
[   17.910048] raid6: .... xor() 5367 MB/s, rmw enabled
[   17.919969] raid6: using ssse3x2 recovery algorithm
[   17.935650] xor: measuring software checksum speed
[   17.984549]    prefetch64-sse:  9721.000 MB/sec
[   18.032225]    generic_sse:  7553.000 MB/sec
[   18.042083] xor: using function: prefetch64-sse (9721.000 MB/sec)
[   18.058407] async_tx: api initialized (async)
done.
Begin: Running /scripts/init-premount ... done.
Begin: Mounting root file system ... Begin: Running /scripts/local-top ... done.
Begin: Running /scripts/local-premount ... [   18.186811] Btrfs loaded, crc32c=crc32c-intel
Scanning for Btrfs filesystems
done.
Warning: fsck not present, so skipping root file system
[   18.313294] EXT4-fs (sda1): mounted filesystem with ordered data mode. Opts: (null)
done.
Begin: Running /scripts/local-bottom ... done.
Begin: Running /scripts/init-bottom ... done.
[   18.772181] ip_tables: (C) 2000-2006 Netfilter Core Team
[   18.813341] systemd[1]: systemd 237 running in system mode. (+PAM +AUDIT +SELINUX +IMA +APPARMOR +SMACK +SYSVINIT +UTMP +LIBCRYPTSETUP +GCRYPT +GNUTLS +ACL +XZ +LZ4 +SECCOMP +BLKID +ELFUTILS +KMOD -IDN2 +IDN -PCRE2 default-hierarchy=hybrid)
[   18.840143] systemd[1]: Detected virtualization oracle.
[   18.849135] systemd[1]: Detected architecture x86-64.

Welcome to [1mUbuntu 18.04.6 LTS[0m!

[   18.913898] systemd[1]: Set hostname to <ubuntu>.
[   18.939396] systemd[1]: Initializing machine ID from random generator.
[   18.952794] systemd[1]: Installed transient /etc/machine-id file.
[   19.646012] systemd[1]: Created slice User and Session Slice.
[[0;32m  OK  [0m] Created slice User and Session Slice.
[   19.667680] systemd[1]: Reached target Swap.
[[0;32m  OK  [0m] Reached target Swap.
[   19.682137] systemd[1]: Reached target System Time Synchronized.
[[0;32m  OK  [0m] Reached target System Time Synchronized.
[   19.702969] systemd[1]: Reached target Mounting snaps.
[[0;32m  OK  [0m] Reached target Mounting snaps.
[[0;32m  OK  [0m] Reached target Mounted snaps.
[[0;32m  OK  [0m] Set up automount Arbitrary Executabâ€¦rmats File System Automount Point.
[[0;32m  OK  [0m] Started Forward Password Requests to Wall Directory Watch.
[[0;32m  OK  [0m] Created slice System Slice.
[[0;32m  OK  [0m] Listening on Journal Socket.
[[0;32m  OK  [0m] Listening on LVM2 metadata daemon socket.
         Mounting Huge Pages File System...
[[0;32m  OK  [0m] Listening on LVM2 poll daemon socket.
[[0;32m  OK  [0m] Listening on Journal Audit Socket.
[[0;32m  OK  [0m] Listening on udev Kernel Socket.
[[0;32m  OK  [0m] Listening on fsck to fsckd communication Socket.
[[0;32m  OK  [0m] Reached target Slices.
[[0;32m  OK  [0m] Created slice system-serial\x2dgetty.slice.
         Starting Uncomplicated firewall...
[[0;32m  OK  [0m] Listening on Syslog Socket.
[[0;32m  OK  [0m] Listening on udev Control Socket.
[[0;32m  OK  [0m] Listening on /dev/initctl Compatibility Named Pipe.
         Starting Load Kernel Modules...
         Starting File System Check on Root Device...
[[0;32m  OK  [0m] Listening on Journal Socket (/dev/log).
         Starting Journal Service...
         Mounting POSIX Message Queue File System...[   19.922096] Loading iSCSI transport class v2.0-870.

[[0;32m  OK  [0m] Listening on Device-mapper event daemon FIFOs.
         Starting Monitoring of LVM2 mirrorsâ€¦ng dmeventd or progress polling...
         Mounting Kernel Debug File System...
         Starting Set the console keyboard layout...
         Starting Create list of required stâ€¦ce nodes for the current kernel...
[[0;32m  OK  [0m] Listening on Network Service Netlink Socket.
         Starting udev Coldplug all Devices...
[[0;32m  OK  [0m] Reached target User and Group Name Lookups.
[[0;32m  OK  [0m] Started Journal Service.
[[0;32m  OK  [0m[   20.130807] iscsi: registered transport (tcp)
] Mounted Huge Pages File System.
[[0;32m  OK  [0m] Started Uncomplicated firewall.
[[0;32m  OK  [0m] Started File System Check on Root Device.
[[0;32m  OK  [0m] Mounted POSIX Message Queue File System.
[[0;32m  OK  [0m] Mounted Kernel Debug File System.
[[0;32m  OK  [0m] Started Create list of required staâ€¦vice nodes for the current kernel.
[[0;32m  OK  [0m] Started LVM2 metadata daemon.
[[0;32m  OK  [0m] Started File System Check Daemon to report status.
         Starting Create Static Device Nodes in /dev...
         Starting Remount Root and Kernel File Systems...
[[0;32m  OK  [0m] Started udev Coldplug all Devices.
[[0;32m  OK  [0m] Started Create Static Device Nodes in /dev.
[   20.366734] EXT4-fs (sda1): re-mounted. Opts: (null)
[[0;32m  OK  [0m] Started Remount Root and Kernel File Systems.
         Starting udev Kernel Device Manager...
         Starting Load/Save Random Seed...
         Starting Flush Journal to Persistent Storage...
[[0;32m  OK  [0m] Started Monitoring of LVM2 mirrors,â€¦sing dmeventd or progress polling.
[   20.587054] iscsi: registered transport (iser)
[   20.605454] systemd-journald[402]: Received request to flush runtime journal from PID 1
[[0;32m  OK  [0m] Started Load Kernel Modules.
[[0;32m  OK  [0m] Started Load/Save Random Seed.
         Mounting Kernel Configuration File System...
         Mounting FUSE Control File System...
         Starting Apply Kernel Variables...
[[0;32m  OK  [0m] Mounted Kernel Configuration File System.
[[0;32m  OK  [0m] Mounted FUSE Control File System.
[[0;32m  OK  [0m] Started Flush Journal to Persistent Storage.
[[0;32m  OK  [0m] Started udev Kernel Device Manager.
[[0;32m  OK  [0m] Started Apply Kernel Variables.
[[0;32m  OK  [0m] Found device /dev/ttyS0.
[[0;32m  OK  [0m] Listening on Load/Save RF Kill Switch Status /dev/rfkill Watch.
[[0;32m  OK  [0m] Started Set the console keyboard layout.
[[0;32m  OK  [0m] Reached target Local File Systems (Pre).
[[0;32m  OK  [0m] Reached target Local File Systems.
         Starting Commit a transient machine-id on disk...
         Starting Tell Plymouth To Write Out Runtime Data...
         Starting AppArmor initialization...
         Starting Set console font and keymap...
         Starting ebtables ruleset management...
         Starting Create Volatile Files and Directories...
[[0;32m  OK  [0m] Started Dispatch Password Requests to Console Directory Watch.
[[0;32m  OK  [0m] Reached target Local Encrypted Volumes.
[[0;32m  OK  [0m] Started Commit a transient machine-id on disk.
[[0;32m  OK  [0m] Started Tell Plymouth To Write Out Runtime Data.
[[0;32m  OK  [0m] Started Set console font and keymap.
         Mounting Arbitrary Executable File Formats File System...
[[0;32m  OK  [0m] Started Create Volatile Files and Directories.
         Starting Update UTMP about System Boot/Shutdown...
[[0;32m  OK  [0m] Mounted Arbitrary Executable File Formats File System.
[[0;32m  OK  [0m] Started Update UTMP about System Boot/Shutdown.
[[0;32m  OK  [0m] Started ebtables ruleset management.
[[0;32m  OK  [0m] Started AppArmor initialization.
         Starting Load AppArmor profiles managed internally by snapd...
         Starting Initial cloud-init job (pre-networking)...
[[0;32m  OK  [0m] Started Load AppArmor profiles managed internally by snapd.
[   27.417766] cloud-init[613]: Cloud-init v. 22.4.2-0ubuntu0~18.04.1 running 'init-local' at Fri, 03 Mar 2023 10:22:44 +0000. Up 26.61 seconds.
[[0;32m  OK  [0m] Started Initial cloud-init job (pre-networking).
[[0;32m  OK  [0m] Reached target Network (Pre).
         Starting Network Service...
[[0;32m  OK  [0m] Started Network Service.
         Starting Network Name Resolution...
         Starting Wait for Network to be Configured...
[[0;32m  OK  [0m] Started Network Name Resolution.
[[0;32m  OK  [0m] Reached target Host and Network Name Lookups.
[[0;32m  OK  [0m] Reached target Network.
[[0;32m  OK  [0m] Started Wait for Network to be Configured.
         Starting Initial cloud-init job (metadata service crawler)...
[   30.083723] cloud-init[724]: Cloud-init v. 22.4.2-0ubuntu0~18.04.1 running 'init' at Fri, 03 Mar 2023 10:22:47 +0000. Up 29.75 seconds.
[   30.091040] cloud-init[724]: ci-info: ++++++++++++++++++++++++++++++++++++++Net device info++++++++++++++++++++++++++++++++++++++
[   30.098555] cloud-init[724]: ci-info: +--------+------+----------------------------+---------------+--------+-------------------+
[   30.106860] cloud-init[724]: ci-info: | Device |  Up  |          Address           |      Mask     | Scope  |     Hw-Address    |
[   30.114060] cloud-init[724]: ci-info: +--------+------+----------------------------+---------------+--------+-------------------+
[   30.121918] cloud-init[724]: ci-info: | enp0s3 | True |         10.0.2.15          | 255.255.255.0 | global | 02:69:82:ba:7f:56 |
[   30.130283] cloud-init[724]: ci-info: | enp0s3 | True | fe80::69:82ff:feba:7f56/64 |       .       |  link  | 02:69:82:ba:7f:56 |
[   30.139593] cloud-init[724]: ci-info: |   lo   | True |         127.0.0.1          |   255.0.0.0   |  host  |         .         |
[   30.146769] cloud-init[724]: ci-info: |   lo   | True |          ::1/128           |       .       |  host  |         .         |
[   30.153373] cloud-init[724]: ci-info: +--------+------+----------------------------+---------------+--------+-------------------+
[   30.159569] cloud-init[724]: ci-info: ++++++++++++++++++++++++++++Route IPv4 info+++++++++++++++++++++++++++++
[   30.164767] cloud-init[724]: ci-info: +-------+-------------+----------+-----------------+-----------+-------+
[   30.170449] cloud-init[724]: ci-info: | Route | Destination | Gateway  |     Genmask     | Interface | Flags |
[   30.178126] cloud-init[724]: ci-info: +-------+-------------+----------+-----------------+-----------+-------+
[   30.185133] cloud-init[724]: ci-info: |   0   |   0.0.0.0   | 10.0.2.2 |     0.0.0.0     |   enp0s3  |   UG  |
[   30.191171] cloud-init[724]: ci-info: |   1   |   10.0.2.0  | 0.0.0.0  |  255.255.255.0  |   enp0s3  |   U   |
[   30.197909] cloud-init[724]: ci-info: |   2   |   10.0.2.2  | 0.0.0.0  | 255.255.255.255 |   enp0s3  |   UH  |
[   30.204604] cloud-init[724]: ci-info: +-------+-------------+----------+-----------------+-----------+-------+
[   30.210648] cloud-init[724]: ci-info: +++++++++++++++++++Route IPv6 info+++++++++++++++++++
[   30.217501] cloud-init[724]: ci-info: +-------+-------------+---------+-----------+-------+
[   30.223904] cloud-init[724]: ci-info: | Route | Destination | Gateway | Interface | Flags |
[   30.229837] cloud-init[724]: ci-info: +-------+-------------+---------+-----------+-------+
[   30.235585] cloud-init[724]: ci-info: |   1   |  fe80::/64  |    ::   |   enp0s3  |   U   |
[   30.241654] cloud-init[724]: ci-info: |   3   |    local    |    ::   |   enp0s3  |   U   |
[   30.247230] cloud-init[724]: ci-info: |   4   |   ff00::/8  |    ::   |   enp0s3  |   U   |
[   30.252544] cloud-init[724]: ci-info: +-------+-------------+---------+-----------+-------+
[   31.769565] cloud-init[724]: Generating public/private rsa key pair.
[   31.777518] cloud-init[724]: Your identification has been saved in /etc/ssh/ssh_host_rsa_key.
[   31.786208] cloud-init[724]: Your public key has been saved in /etc/ssh/ssh_host_rsa_key.pub.
[   31.793119] cloud-init[724]: The key fingerprint is:
[   31.801391] cloud-init[724]: SHA256:n7gG7w+fMvB5P0Dc6hed6Hj8AIm4QAa9ahAduo7Tl64 root@ubuntu-bionic
[   31.813781] cloud-init[724]: The key's randomart image is:
[   31.822125] cloud-init[724]: +---[RSA 2048]----+
[   31.828998] cloud-init[724]: | .oo             |
[   31.835524] cloud-init[724]: |.....            |
[   31.844084] cloud-init[724]: |..  o.   . .     |[
[   31.853256] cloud-init[724]: |.. o.  . .o..    |
[   31.853642] cloud-init[724]: |.. .. . S.o. o . |
[   31.853690] cloud-init[724]: |o.o  oo. oooo o  |
[   31.855011] cloud-init[724]: |oo. o .=ooo=..   |
[   31.855612] cloud-init[724]: | . o    B++.*.   |
[   31.857056] cloud-init[724]: |  E..  oo=++.o.  |
[   31.858351] cloud-init[724]: +----[SHA256]-----+
[   31.859197] cloud-init[724]: Generating public/private dsa key pair.
[   31.859982] cloud-init[724]: Your identification has been saved in /etc/ssh/ssh_host_dsa_key.
[   31.861795] cloud-init[724]: Your public key has been saved in /etc/ssh/ssh_host_dsa_key.pub.
[   31.862572] cloud-init[724]: The key fingerprint is:
[   31.863517] cloud-init[724]: SHA256:Wi3vkvRAChVAcRWOh38DP17d+Mk5k4BE7l/g7lHCxaI root@ubuntu-bionic
[   31.865341] cloud-init[724]: The key's randomart image is:
[   31.866118] cloud-init[724]: +---[DSA 1024]----+
[   31.866957] cloud-init[724]: |   .+oooo. .     |
[   31.867775] cloud-init[724]: |     ..+  o   .  |
[   31.869522] cloud-init[724]: |     .o +  o o o |
[   31.870323] cloud-init[724]: |    .  o.+o =.+o |
[   31.871702] cloud-init[724]: |     . oS *E.=oo.|
[   31.871783] cloud-init[724]: |      .oo= +o *.+|
[   31.871869] cloud-init[724]: |      .. +o  + B.|
[   31.871966] cloud-init[724]: |        o.. . . o|
[   31.872414] cloud-init[724]: |         ..  .   |
[   31.872542] cloud-init[724]: +----[SHA256]-----+
[   31.872854] cloud-init[724]: Generating public/private ecdsa key pair.
[   31.873735] cloud-init[724]: Your identification has been saved in /etc/ssh/ssh_host_ecdsa_key.
[   31.874445] cloud-init[724]: Your public key has been saved in /etc/ssh/ssh_host_ecdsa_key.pub.
[   31.874719] cloud-init[724]: The key fingerprint is:
[   31.875075] cloud-init[724]: SHA256:epkBegmK/2nYNVvpexlOHP+PRwO0fOf1w+FkcMD2UO8 root@ubuntu-bionic
[   31.875661] cloud-init[724]: The key's randomart image is:
[   31.877348] cloud-init[724]: +---[ECDSA 256]---+
[   31.877975] cloud-init[724]: |            ..o. |
[   31.878631] cloud-init[724]: |             * ..|
[   31.879969] cloud-init[724]: |    . .     + * .|
[   31.881325] cloud-init[724]: | . . o o  .  + Bo|
[   31.882021] cloud-init[724]: |. . . o So o  B.E|
[   31.882717] cloud-init[724]: | .   .o.o++ .  =+|
[   31.883470] cloud-init[724]: |  .o ..=+o o . .o|
[   31.885098] cloud-init[724]: |  ..o.... +   ...|
[   31.885797] cloud-init[724]: |   .o   .o    .o.|
[   31.886517] cloud-init[724]: +----[SHA256]-----+
[   31.887221] cloud-init[724]: Generating public/private ed25519 key pair.
[   31.887996] cloud-init[724]: Your identification has been saved in /etc/ssh/ssh_host_ed25519_key.
[   31.889921] cloud-init[724]: Your public key has been saved in /etc/ssh/ssh_host_ed25519_key.pub.
[   31.890692] cloud-init[724]: The key fingerprint is:
[   31.891076] cloud-init[724]: SHA256:00dud1UbWHoPZLjwgg7muXdh6fwlUyqxt9S/UpyC87M root@ubuntu-bionic
[   31.891738] cloud-init[724]: The key's randomart image is:
[   31.893288] cloud-init[724]: +--[ED25519 256]--+
[   31.893973] cloud-init[724]: |             .=o.|
[   31.894694] cloud-init[724]: |          . .+. +|
[   31.895409] cloud-init[724]: |         . o.o.o.|
[   31.896610] cloud-init[724]: |      o ...oo ..o|
[   31.897255] cloud-init[724]: |     o +S oo= + +|
[   31.897999] cloud-init[724]: |      o ..+B * = |
[   31.898582] cloud-init[724]: |       . +o.O =  |
[   31.899082] cloud-init[724]: |      . . ++ O . |
[   31.899688] cloud-init[724]: |       . . .oE+.o|
[   31.900999] cloud-init[724]: +----[SHA256]-----+
[0;32m  OK  [0m] Started Initial cloud-init job (metadata service crawler).
[[0;32m  OK  [0m] Reached target System Initialization.
[[0;32m  OK  [0m] Listening on Open-iSCSI iscsid Socket.
[[0;32m  OK  [0m] Listening on ACPID Listen Socket.
[[0;32m  OK  [0m] Started Ubuntu Advantage Timer for running repeated jobs.
[[0;32m  OK  [0m] Listening on UUID daemon activation socket.
         Starting LXD - unix socket.
         Starting Socket activation for snappy daemon.
[[0;32m  OK  [0m] Started ACPI Events Check.
[[0;32m  OK  [0m] Started Message of the Day.
[[0;32m  OK  [0m] Started Daily apt download activities.
[[0;32m  OK  [0m] Listening on D-Bus System Message Bus Socket.
[[0;32m  OK  [0m] Started Daily apt upgrade and clean activities.
[[0;32m  OK  [0m] Started Discard unused blocks once a week.
[[0;32m  OK  [0m] Started Daily Cleanup of Temporary Directories.
[[0;32m  OK  [0m] Reached target Timers.
[[0;32m  OK  [0m] Reached target Paths.
[[0;32m  OK  [0m] Listening on cloud-init hotplug hook socket.
[[0;32m  OK  [0m] Reached target Cloud-config availability.
[[0;32m  OK  [0m] Reached target Network is Online.
         Starting Availability of block devices...
[[0;32m  OK  [0m] Reached target Remote File Systems (Pre).
[[0;32m  OK  [0m] Reached target Remote File Systems.
[[0;32m  OK  [0m] Listening on LXD - unix socket.
[[0;32m  OK  [0m] Listening on Socket activation for snappy daemon.
[[0;32m  OK  [0m] Started Availability of block devices.
[[0;32m  OK  [0m] Reached target Sockets.
[[0;32m  OK  [0m] Reached target Basic System.
         Starting Permit User Sessions...
         Starting Dispatcher daemon for systemd-networkd...
[[0;32m  OK  [0m] Reached target Login Prompts (Pre).
[[0;32m  OK  [0m] Started D-Bus System Message Bus.
         Starting LSB: automatic crash report generation...
[[0;32m  OK  [0m] Started Deferred execution scheduler.
[[0;32m  OK  [0m] Started irqbalance daemon.
         Starting LXD - container startup/shutdown...
[[0;32m  OK  [0m] Started Regular background program processing daemon.
         Starting LSB: Record successful boot for GRUB...
[[0;32m  OK  [0m] Started FUSE filesystem for LXC.
         Starting Snap Daemon...
         Starting System Logging Service...
         Starting Login Service...
         Starting Accounts Service...
         Starting Pollinate to seed the pseudo random number generator...
         Starting Virtualbox guest utils...
[[0;32m  OK  [0m] Started Dispatcher daemon for systemd-networkd.
[[0;32m  OK  [0m] Started System Logging Service.
[[0;32m  OK  [0m] Started Permit User Sessions.
         Starting Hold until boot process finishes up...
         Starting Terminate Plymouth Boot Screen...
[[0;32m  OK  [0m] Started Hold until boot process finishes up.
[[0;32m  OK  [0m] Started Serial Getty on ttyS0.
         Starting Set console scheme...
[[0;32m  OK  [0m] Started LXD - container startup/shutdown.
[[0;32m  OK  [0m] Started Terminate Plymouth Boot Screen.
[[0;32m  OK  [0m] Started Login Service.
[[0;32m  OK  [0m] Started Set console scheme.
[[0;32m  OK  [0m] Created slice system-getty.slice.
[[0;32m  OK  [0m] Started Getty on tty1.
[[0;32m  OK  [0m] Reached target Login Prompts.
[[0;32m  OK  [0m] Started Unattended Upgrades Shutdown.
[[0;32m  OK  [0m] Started LSB: Record successful boot for GRUB.
[[0;32m  OK  [0m] Started LSB: automatic crash report generation.
         Starting Authorization Manager...
[[0;32m  OK  [0m] Started Authorization Manager.
[[0;32m  OK  [0m] Started Accounts Service.
[[0;32m  OK  [0m] Started Virtualbox guest utils.
[[0;32m  OK  [0m] Started Snap Daemon.
         Starting Wait until snapd is fully seeded...
         Starting Time & Date Service...
[[0;32m  OK  [0m] Started Time & Date Service.
[[0;32m  OK  [0m] Started Pollinate to seed the pseudo random number generator.
         Starting OpenBSD Secure Shell server...
[[0;32m  OK  [0m] Started OpenBSD Secure Shell server.
[[0;32m  OK  [0m] Started Wait until snapd is fully seeded.
         Starting Apply the settings specified in cloud-config...
[[0;32m  OK  [0m] Created slice User Slice of vagrant.
         Starting User Manager for UID 1000...
[[0;32m  OK  [0m] Started Session 1 of user vagrant.
[[0;32m  OK  [0m] Started User Manager for UID 1000.
[   38.417131] cloud-init[1181]: Cloud-init v. 22.4.2-0ubuntu0~18.04.1 running 'modules:config' at Fri, 03 Mar 2023 10:22:54 +0000. Up 36.93 seconds.

Ubuntu 18.04.6 LTS ubuntu-bionic ttyS0

ubuntu-bionic login: ci-info: no authorized SSH keys fingerprints found for user ubuntu.
<14>Mar  3 10:22:58 cloud-init: #############################################################
<14>Mar  3 10:22:58 cloud-init: -----BEGIN SSH HOST KEY FINGERPRINTS-----
<14>Mar  3 10:22:58 cloud-init: 1024 SHA256:Wi3vkvRAChVAcRWOh38DP17d+Mk5k4BE7l/g7lHCxaI root@ubuntu-bionic (DSA)
<14>Mar  3 10:22:58 cloud-init: 256 SHA256:epkBegmK/2nYNVvpexlOHP+PRwO0fOf1w+FkcMD2UO8 root@ubuntu-bionic (ECDSA)
<14>Mar  3 10:22:58 cloud-init: 256 SHA256:00dud1UbWHoPZLjwgg7muXdh6fwlUyqxt9S/UpyC87M root@ubuntu-bionic (ED25519)
<14>Mar  3 10:22:58 cloud-init: 2048 SHA256:n7gG7w+fMvB5P0Dc6hed6Hj8AIm4QAa9ahAduo7Tl64 root@ubuntu-bionic (RSA)
<14>Mar  3 10:22:58 cloud-init: -----END SSH HOST KEY FINGERPRINTS-----
<14>Mar  3 10:22:58 cloud-init: #############################################################
-----BEGIN SSH HOST KEY KEYS-----
ecdsa-sha2-nistp256 AAAAE2VjZHNhLXNoYTItbmlzdHAyNTYAAAAIbmlzdHAyNTYAAABBBO4N/zy0duvIkeejcBZzeuynXUuVgxluKRoVNjbd4+46MnvrYHOFYa28toCL3pFMMJa4HB+frw7/BLCqsgWgQio= root@ubuntu-bionic
ssh-ed25519 AAAAC3NzaC1lZDI1NTE5AAAAIKfw3mrAvLfLhjui7SjKCrUK4EvJRi98JbsebVpPVhXZ root@ubuntu-bionic
ssh-rsa AAAAB3NzaC1yc2EAAAADAQABAAABAQCgCj29TpMK2IlwWc4dXkqDk1mV9+JQEw0EpwFwgU5BPnshYy9HdI9OlEDWPYK8+8Fpt5hd2kfAmYIukUrZAU+mWEgm2erf1cRCCCdVD2UJ34ZGLF9uAaaKQZUesgAEXtFFcvdfQsfHvnqOP6ElEL2FUFOm+2R/RBFn/42Szke8uKtgbcFIghsqLsrZcEm5h7Yqd/G7uhurZXtzICMDt6xlue+XTnBJAVD9gYKW04OkyhYq6fJ26RX047o9qiKKDsLx+wEHkX24MiMlw3l56foklzJhmTgHwe2gS4GDeMz7+GbG5NGs1ptuENIl8fbzyVKJSZFgnT7T7SCd+Ee0B0c7 root@ubuntu-bionic
-----END SSH HOST KEY KEYS-----
[   40.789698] cloud-init[1293]: Cloud-init v. 22.4.2-0ubuntu0~18.04.1 running 'modules:final' at Fri, 03 Mar 2023 10:22:57 +0000. Up 39.71 seconds.
[   40.789892] cloud-init[1293]: Cloud-init v. 22.4.2-0ubuntu0~18.04.1 finished at Fri, 03 Mar 2023 10:22:58 +0000. Datasource DataSourceNoCloud [seed=/dev/sdb][dsmode=net].  Up 40.72 seconds
